["2026-07-22T08:47:22.799", "DEBUG", "ubuntupro.config", "parse_config", 518, "Using client configuration file at /etc/ubuntu-advantage/uaclient.conf", {}]
["2026-07-22T08:47:22.802", "DEBUG", "ubuntupro.system", "load_file", 583, "Reading file: /etc/ubuntu-advantage/uaclient.conf", {}]
["2026-07-22T08:47:22.803", "DEBUG", "ubuntupro.files.files", "read", 58, "Tried to load /var/lib/ubuntu-advantage/user-config.json but file does not exist", {}]
["2026-07-22T08:47:22.809", "DEBUG", "ubuntupro.http", "configure_web_proxy", 149, "Setting no_proxy: 169.254.169.254,[fd00:ec2::254],metadata", {}]
["2026-07-22T08:47:22.809", "DEBUG", "ubuntupro.http", "configure_web_proxy", 157, "Setting global proxy dict", {}]
["2026-07-22T08:47:22.809", "DEBUG", "ubuntupro.cli", "main", 287, "Executed with sys.argv: ['/usr/bin/pro', 'api', 'u.pro.status.is_attached.v1']", {}]
["2026-07-22T08:47:22.809", "DEBUG", "ubuntupro.files.files", "read", 58, "Tried to load /var/lib/ubuntu-advantage/machine-token.json but file does not exist", {}]
["2026-07-22T08:47:22.809", "DEBUG", "ubuntupro.files.files", "read", 58, "Tried to load /var/lib/ubuntu-advantage/machine-token.json but file does not exist", {}]
["2026-07-29T07:58:21.024", "DEBUG", "ubuntupro.config", "parse_config", 518, "Using client configuration file at /etc/ubuntu-advantage/uaclient.conf", {}]
["2026-07-29T07:58:21.031", "DEBUG", "ubuntupro.system", "load_file", 583, "Reading file: /etc/ubuntu-advantage/uaclient.conf", {}]
["2026-07-29T07:58:21.032", "DEBUG", "ubuntupro.files.files", "read", 58, "Tried to load /var/lib/ubuntu-advantage/user-config.json but file does not exist", {}]
["2026-07-29T07:58:21.042", "DEBUG", "ubuntupro.http", "configure_web_proxy", 149, "Setting no_proxy: 169.254.169.254,[fd00:ec2::254],metadata", {}]
["2026-07-29T07:58:21.042", "DEBUG", "ubuntupro.http", "configure_web_proxy", 157, "Setting global proxy dict", {}]
["2026-07-29T07:58:21.042", "DEBUG", "ubuntupro.cli", "main", 287, "Executed with sys.argv: ['/usr/bin/pro', 'api', 'u.pro.status.is_attached.v1']", {}]
["2026-07-29T07:58:21.042", "DEBUG", "ubuntupro.files.files", "read", 58, "Tried to load /var/lib/ubuntu-advantage/machine-token.json but file does not exist", {}]
["2026-07-29T07:58:21.043", "DEBUG", "ubuntupro.files.files", "read", 58, "Tried to load /var/lib/ubuntu-advantage/machine-token.json but file does not exist", {}]
["2026-07-29T17:01:48.585", "DEBUG", "ubuntupro.config", "parse_config", 518, "Using client configuration file at /etc/ubuntu-advantage/uaclient.conf", {}]
["2026-07-29T17:01:48.592", "DEBUG", "ubuntupro.system", "load_file", 583, "Reading file: /etc/ubuntu-advantage/uaclient.conf", {}]
["2026-07-29T17:01:48.593", "DEBUG", "ubuntupro.files.files", "read", 58, "Tried to load /var/lib/ubuntu-advantage/user-config.json but file does not exist", {}]
["2026-07-29T17:01:48.600", "DEBUG", "ubuntupro.http", "configure_web_proxy", 149, "Setting no_proxy: 169.254.169.254,[fd00:ec2::254],metadata", {}]
["2026-07-29T17:01:48.601", "DEBUG", "ubuntupro.http", "configure_web_proxy", 157, "Setting global proxy dict", {}]
["2026-07-29T17:01:48.601", "DEBUG", "ubuntupro.cli", "main", 287, "Executed with sys.argv: ['/usr/bin/pro', 'api', 'u.pro.status.is_attached.v1']", {}]
["2026-07-29T17:01:48.601", "DEBUG", "ubuntupro.files.files", "read", 58, "Tried to load /var/lib/ubuntu-advantage/machine-token.json but file does not exist", {}]
["2026-07-29T17:01:48.601", "DEBUG", "ubuntupro.files.files", "read", 58, "Tried to load /var/lib/ubuntu-advantage/machine-token.json but file does not exist", {}]
["2026-07-30T10:22:15.240", "DEBUG", "ubuntupro.config", "parse_config", 518, "Using client configuration file at /etc/ubuntu-advantage/uaclient.conf", {}]
["2026-07-30T10:22:15.247", "DEBUG", "ubuntupro.system", "load_file", 583, "Reading file: /etc/ubuntu-advantage/uaclient.conf", {}]
["2026-07-30T10:22:15.248", "DEBUG", "ubuntupro.files.files", "read", 58, "Tried to load /var/lib/ubuntu-advantage/user-config.json but file does not exist", {}]
["2026-07-30T10:22:15.256", "DEBUG", "ubuntupro.http", "configure_web_proxy", 149, "Setting no_proxy: 169.254.169.254,[fd00:ec2::254],metadata", {}]
["2026-07-30T10:22:15.256", "DEBUG", "ubuntupro.http", "configure_web_proxy", 157, "Setting global proxy dict", {}]
["2026-07-30T10:22:15.257", "DEBUG", "ubuntupro.cli", "main", 287, "Executed with sys.argv: ['/usr/bin/pro', 'api', 'u.pro.status.is_attached.v1']", {}]
["2026-07-30T10:22:15.257", "DEBUG", "ubuntupro.files.files", "read", 58, "Tried to load /var/lib/ubuntu-advantage/machine-token.json but file does not exist", {}]
["2026-07-30T10:22:15.257", "DEBUG", "ubuntupro.files.files", "read", 58, "Tried to load /var/lib/ubuntu-advantage/machine-token.json but file does not exist", {}]
["2026-07-30T15:59:27.681", "DEBUG", "ubuntupro.config", "parse_config", 518, "Using client configuration file at /etc/ubuntu-advantage/uaclient.conf", {}]
["2026-07-30T15:59:27.689", "DEBUG", "ubuntupro.system", "load_file", 583, "Reading file: /etc/ubuntu-advantage/uaclient.conf", {}]
["2026-07-30T15:59:27.690", "DEBUG", "ubuntupro.files.files", "read", 58, "Tried to load /var/lib/ubuntu-advantage/user-config.json but file does not exist", {}]
["2026-07-30T15:59:27.699", "DEBUG", "ubuntupro.http", "configure_web_proxy", 149, "Setting no_proxy: 169.254.169.254,[fd00:ec2::254],metadata", {}]
["2026-07-30T15:59:27.699", "DEBUG", "ubuntupro.http", "configure_web_proxy", 157, "Setting global proxy dict", {}]
["2026-07-30T15:59:27.700", "DEBUG", "ubuntupro.cli", "main", 287, "Executed with sys.argv: ['/usr/bin/pro', 'api', 'u.pro.status.is_attached.v1']", {}]
["2026-07-30T15:59:27.700", "DEBUG", "ubuntupro.files.files", "read", 58, "Tried to load /var/lib/ubuntu-advantage/machine-token.json but file does not exist", {}]
["2026-07-30T15:59:27.702", "DEBUG", "ubuntupro.files.files", "read", 58, "Tried to load /var/lib/ubuntu-advantage/machine-token.json but file does not exist", {}]
["2026-07-31T15:46:39.097", "DEBUG", "ubuntupro.config", "parse_config", 518, "Using client configuration file at /etc/ubuntu-advantage/uaclient.conf", {}]
["2026-07-31T15:46:39.103", "DEBUG", "ubuntupro.system", "load_file", 583, "Reading file: /etc/ubuntu-advantage/uaclient.conf", {}]
["2026-07-31T15:46:39.104", "DEBUG", "ubuntupro.files.files", "read", 58, "Tried to load /var/lib/ubuntu-advantage/user-config.json but file does not exist", {}]
["2026-07-31T15:46:39.112", "DEBUG", "ubuntupro.http", "configure_web_proxy", 149, "Setting no_proxy: 169.254.169.254,[fd00:ec2::254],metadata", {}]
["2026-07-31T15:46:39.112", "DEBUG", "ubuntupro.http", "configure_web_proxy", 157, "Setting global proxy dict", {}]
["2026-07-31T15:46:39.112", "DEBUG", "ubuntupro.cli", "main", 287, "Executed with sys.argv: ['/usr/bin/pro', 'api', 'u.pro.status.is_attached.v1']", {}]
["2026-07-31T15:46:39.113", "DEBUG", "ubuntupro.files.files", "read", 58, "Tried to load /var/lib/ubuntu-advantage/machine-token.json but file does not exist", {}]
["2026-07-31T15:46:39.113", "DEBUG", "ubuntupro.files.files", "read", 58, "Tried to load /var/lib/ubuntu-advantage/machine-token.json but file does not exist", {}]
["2026-08-05T06:39:23.354", "DEBUG", "ubuntupro.config", "parse_config", 518, "Using client configuration file at /etc/ubuntu-advantage/uaclient.conf", {}]
["2026-08-05T06:39:23.360", "DEBUG", "ubuntupro.system", "load_file", 583, "Reading file: /etc/ubuntu-advantage/uaclient.conf", {}]
["2026-08-05T06:39:23.361", "DEBUG", "ubuntupro.files.files", "read", 58, "Tried to load /var/lib/ubuntu-advantage/user-config.json but file does not exist", {}]
["2026-08-05T06:39:23.366", "DEBUG", "ubuntupro.http", "configure_web_proxy", 149, "Setting no_proxy: 169.254.169.254,[fd00:ec2::254],metadata", {}]
["2026-08-05T06:39:23.367", "DEBUG", "ubuntupro.http", "configure_web_proxy", 157, "Setting global proxy dict", {}]
["2026-08-05T06:39:23.367", "DEBUG", "ubuntupro.cli", "main", 287, "Executed with sys.argv: ['/usr/bin/pro', 'api', 'u.pro.status.is_attached.v1']", {}]
["2026-08-05T06:39:23.367", "DEBUG", "ubuntupro.files.files", "read", 58, "Tried to load /var/lib/ubuntu-advantage/machine-token.json but file does not exist", {}]
["2026-08-05T06:39:23.367", "DEBUG", "ubuntupro.files.files", "read", 58, "Tried to load /var/lib/ubuntu-advantage/machine-token.json but file does not exist", {}]
["2026-08-05T11:34:57.103", "DEBUG", "ubuntupro.config", "parse_config", 518, "Using client configuration file at /etc/ubuntu-advantage/uaclient.conf", {}]
["2026-08-05T11:34:57.114", "DEBUG", "ubuntupro.system", "load_file", 583, "Reading file: /etc/ubuntu-advantage/uaclient.conf", {}]
["2026-08-05T11:34:57.115", "DEBUG", "ubuntupro.files.files", "read", 58, "Tried to load /var/lib/ubuntu-advantage/user-config.json but file does not exist", {}]
["2026-08-05T11:34:57.132", "DEBUG", "ubuntupro.http", "configure_web_proxy", 149, "Setting no_proxy: 169.254.169.254,[fd00:ec2::254],metadata", {}]
["2026-08-05T11:34:57.132", "DEBUG", "ubuntupro.http", "configure_web_proxy", 157, "Setting global proxy dict", {}]
["2026-08-05T11:34:57.133", "DEBUG", "ubuntupro.cli", "main", 287, "Executed with sys.argv: ['/usr/bin/pro', 'api', 'u.pro.status.is_attached.v1']", {}]
["2026-08-05T11:34:57.134", "DEBUG", "ubuntupro.files.files", "read", 58, "Tried to load /var/lib/ubuntu-advantage/machine-token.json but file does not exist", {}]
["2026-08-05T11:34:57.135", "DEBUG", "ubuntupro.files.files", "read", 58, "Tried to load /var/lib/ubuntu-advantage/machine-token.json but file does not exist", {}]
["2026-08-06T08:28:05.723", "DEBUG", "ubuntupro.config", "parse_config", 518, "Using client configuration file at /etc/ubuntu-advantage/uaclient.conf", {}]
["2026-08-06T08:28:05.733", "DEBUG", "ubuntupro.system", "load_file", 583, "Reading file: /etc/ubuntu-advantage/uaclient.conf", {}]
["2026-08-06T08:28:05.734", "DEBUG", "ubuntupro.files.files", "read", 58, "Tried to load /var/lib/ubuntu-advantage/user-config.json but file does not exist", {}]
["2026-08-06T08:28:05.754", "DEBUG", "ubuntupro.http", "configure_web_proxy", 149, "Setting no_proxy: 169.254.169.254,[fd00:ec2::254],metadata", {}]
["2026-08-06T08:28:05.754", "DEBUG", "ubuntupro.http", "configure_web_proxy", 157, "Setting global proxy dict", {}]
["2026-08-06T08:28:05.754", "DEBUG", "ubuntupro.cli", "main", 287, "Executed with sys.argv: ['/usr/bin/pro', 'api', 'u.pro.status.is_attached.v1']", {}]
["2026-08-06T08:28:05.755", "DEBUG", "ubuntupro.files.files", "read", 58, "Tried to load /var/lib/ubuntu-advantage/machine-token.json but file does not exist", {}]
["2026-08-06T08:28:05.755", "DEBUG", "ubuntupro.files.files", "read", 58, "Tried to load /var/lib/ubuntu-advantage/machine-token.json but file does not exist", {}]
["2026-08-07T10:09:03.025", "DEBUG", "ubuntupro.config", "parse_config", 518, "Using client configuration file at /etc/ubuntu-advantage/uaclient.conf", {}]
["2026-08-07T10:09:03.031", "DEBUG", "ubuntupro.system", "load_file", 583, "Reading file: /etc/ubuntu-advantage/uaclient.conf", {}]
["2026-08-07T10:09:03.032", "DEBUG", "ubuntupro.files.files", "read", 58, "Tried to load /var/lib/ubuntu-advantage/user-config.json but file does not exist", {}]
["2026-08-07T10:09:03.044", "DEBUG", "ubuntupro.http", "configure_web_proxy", 149, "Setting no_proxy: 169.254.169.254,[fd00:ec2::254],metadata", {}]
["2026-08-07T10:09:03.044", "DEBUG", "ubuntupro.http", "configure_web_proxy", 157, "Setting global proxy dict", {}]
["2026-08-07T10:09:03.044", "DEBUG", "ubuntupro.cli", "main", 287, "Executed with sys.argv: ['/usr/bin/pro', 'api', 'u.pro.status.is_attached.v1']", {}]
["2026-08-07T10:09:03.045", "DEBUG", "ubuntupro.files.files", "read", 58, "Tried to load /var/lib/ubuntu-advantage/machine-token.json but file does not exist", {}]
["2026-08-07T10:09:03.046", "DEBUG", "ubuntupro.files.files", "read", 58, "Tried to load /var/lib/ubuntu-advantage/machine-token.json but file does not exist", {}]
["2026-08-08T11:58:19.906", "DEBUG", "ubuntupro.config", "parse_config", 518, "Using client configuration file at /etc/ubuntu-advantage/uaclient.conf", {}]
["2026-08-08T11:58:19.912", "DEBUG", "ubuntupro.system", "load_file", 583, "Reading file: /etc/ubuntu-advantage/uaclient.conf", {}]
["2026-08-08T11:58:19.913", "DEBUG", "ubuntupro.files.files", "read", 58, "Tried to load /var/lib/ubuntu-advantage/user-config.json but file does not exist", {}]
["2026-08-08T11:58:19.920", "DEBUG", "ubuntupro.http", "configure_web_proxy", 149, "Setting no_proxy: 169.254.169.254,[fd00:ec2::254],metadata", {}]
["2026-08-08T11:58:19.920", "DEBUG", "ubuntupro.http", "configure_web_proxy", 157, "Setting global proxy dict", {}]
["2026-08-08T11:58:19.920", "DEBUG", "ubuntupro.cli", "main", 287, "Executed with sys.argv: ['/usr/bin/pro', 'api', 'u.pro.status.is_attached.v1']", {}]
["2026-08-08T11:58:19.920", "DEBUG", "ubuntupro.files.files", "read", 58, "Tried to load /var/lib/ubuntu-advantage/machine-token.json but file does not exist", {}]
["2026-08-08T11:58:19.920", "DEBUG", "ubuntupro.files.files", "read", 58, "Tried to load /var/lib/ubuntu-advantage/machine-token.json but file does not exist", {}]
["2026-08-08T20:27:45.036", "DEBUG", "ubuntupro.config", "parse_config", 518, "Using client configuration file at /etc/ubuntu-advantage/uaclient.conf", {}]
["2026-08-08T20:27:45.040", "DEBUG", "ubuntupro.system", "load_file", 583, "Reading file: /etc/ubuntu-advantage/uaclient.conf", {}]
["2026-08-08T20:27:45.041", "DEBUG", "ubuntupro.files.files", "read", 58, "Tried to load /var/lib/ubuntu-advantage/user-config.json but file does not exist", {}]
["2026-08-08T20:27:45.046", "DEBUG", "ubuntupro.http", "configure_web_proxy", 149, "Setting no_proxy: 169.254.169.254,[fd00:ec2::254],metadata", {}]
["2026-08-08T20:27:45.046", "DEBUG", "ubuntupro.http", "configure_web_proxy", 157, "Setting global proxy dict", {}]
["2026-08-08T20:27:45.046", "DEBUG", "ubuntupro.cli", "main", 287, "Executed with sys.argv: ['/usr/bin/pro', 'api', 'u.pro.status.is_attached.v1']", {}]
["2026-08-08T20:27:45.046", "DEBUG", "ubuntupro.files.files", "read", 58, "Tried to load /var/lib/ubuntu-advantage/machine-token.json but file does not exist", {}]
["2026-08-08T20:27:45.047", "DEBUG", "ubuntupro.files.files", "read", 58, "Tried to load /var/lib/ubuntu-advantage/machine-token.json but file does not exist", {}]
["2026-08-10T08:12:46.289", "DEBUG", "ubuntupro.config", "parse_config", 518, "Using client configuration file at /etc/ubuntu-advantage/uaclient.conf", {}]
["2026-08-10T08:12:46.296", "DEBUG", "ubuntupro.system", "load_file", 583, "Reading file: /etc/ubuntu-advantage/uaclient.conf", {}]
["2026-08-10T08:12:46.298", "DEBUG", "ubuntupro.files.files", "read", 58, "Tried to load /var/lib/ubuntu-advantage/user-config.json but file does not exist", {}]
["2026-08-10T08:12:46.305", "DEBUG", "ubuntupro.http", "configure_web_proxy", 149, "Setting no_proxy: 169.254.169.254,[fd00:ec2::254],metadata", {}]
["2026-08-10T08:12:46.306", "DEBUG", "ubuntupro.http", "configure_web_proxy", 157, "Setting global proxy dict", {}]
["2026-08-10T08:12:46.306", "DEBUG", "ubuntupro.cli", "main", 287, "Executed with sys.argv: ['/usr/bin/pro', 'api', 'u.pro.status.is_attached.v1']", {}]
["2026-08-10T08:12:46.306", "DEBUG", "ubuntupro.files.files", "read", 58, "Tried to load /var/lib/ubuntu-advantage/machine-token.json but file does not exist", {}]
["2026-08-10T08:12:46.307", "DEBUG", "ubuntupro.files.files", "read", 58, "Tried to load /var/lib/ubuntu-advantage/machine-token.json but file does not exist", {}]
["2026-08-12T07:39:25.281", "DEBUG", "ubuntupro.config", "parse_config", 518, "Using client configuration file at /etc/ubuntu-advantage/uaclient.conf", {}]
["2026-08-12T07:39:25.290", "DEBUG", "ubuntupro.system", "load_file", 583, "Reading file: /etc/ubuntu-advantage/uaclient.conf", {}]
["2026-08-12T07:39:25.291", "DEBUG", "ubuntupro.files.files", "read", 58, "Tried to load /var/lib/ubuntu-advantage/user-config.json but file does not exist", {}]
["2026-08-12T07:39:25.298", "DEBUG", "ubuntupro.http", "configure_web_proxy", 149, "Setting no_proxy: 169.254.169.254,[fd00:ec2::254],metadata", {}]
["2026-08-12T07:39:25.298", "DEBUG", "ubuntupro.http", "configure_web_proxy", 157, "Setting global proxy dict", {}]
["2026-08-12T07:39:25.298", "DEBUG", "ubuntupro.cli", "main", 287, "Executed with sys.argv: ['/usr/bin/pro', 'api', 'u.pro.status.is_attached.v1']", {}]
["2026-08-12T07:39:25.298", "DEBUG", "ubuntupro.files.files", "read", 58, "Tried to load /var/lib/ubuntu-advantage/machine-token.json but file does not exist", {}]
["2026-08-12T07:39:25.299", "DEBUG", "ubuntupro.files.files", "read", 58, "Tried to load /var/lib/ubuntu-advantage/machine-token.json but file does not exist", {}]
["2026-08-13T06:57:05.216", "DEBUG", "ubuntupro.config", "parse_config", 518, "Using client configuration file at /etc/ubuntu-advantage/uaclient.conf", {}]
["2026-08-13T06:57:05.226", "DEBUG", "ubuntupro.system", "load_file", 583, "Reading file: /etc/ubuntu-advantage/uaclient.conf", {}]
["2026-08-13T06:57:05.227", "DEBUG", "ubuntupro.files.files", "read", 58, "Tried to load /var/lib/ubuntu-advantage/user-config.json but file does not exist", {}]
["2026-08-13T06:57:05.238", "DEBUG", "ubuntupro.http", "configure_web_proxy", 149, "Setting no_proxy: 169.254.169.254,[fd00:ec2::254],metadata", {}]
["2026-08-13T06:57:05.238", "DEBUG", "ubuntupro.http", "configure_web_proxy", 157, "Setting global proxy dict", {}]
["2026-08-13T06:57:05.238", "DEBUG", "ubuntupro.cli", "main", 287, "Executed with sys.argv: ['/usr/bin/pro', 'api', 'u.pro.status.is_attached.v1']", {}]
["2026-08-13T06:57:05.239", "DEBUG", "ubuntupro.files.files", "read", 58, "Tried to load /var/lib/ubuntu-advantage/machine-token.json but file does not exist", {}]
["2026-08-13T06:57:05.239", "DEBUG", "ubuntupro.files.files", "read", 58, "Tried to load /var/lib/ubuntu-advantage/machine-token.json but file does not exist", {}]
["2026-08-13T07:48:42.257", "DEBUG", "ubuntupro.config", "parse_config", 518, "Using client configuration file at /etc/ubuntu-advantage/uaclient.conf", {}]
["2026-08-13T07:48:42.264", "DEBUG", "ubuntupro.system", "load_file", 583, "Reading file: /etc/ubuntu-advantage/uaclient.conf", {}]
["2026-08-13T07:48:42.265", "DEBUG", "ubuntupro.files.files", "read", 58, "Tried to load /var/lib/ubuntu-advantage/user-config.json but file does not exist", {}]
["2026-08-13T07:48:42.271", "DEBUG", "ubuntupro.http", "configure_web_proxy", 149, "Setting no_proxy: 169.254.169.254,[fd00:ec2::254],metadata", {}]
["2026-08-13T07:48:42.271", "DEBUG", "ubuntupro.http", "configure_web_proxy", 157, "Setting global proxy dict", {}]
["2026-08-13T07:48:42.271", "DEBUG", "ubuntupro.cli", "main", 287, "Executed with sys.argv: ['/usr/bin/pro', 'api', 'u.pro.status.is_attached.v1']", {}]
["2026-08-13T07:48:42.271", "DEBUG", "ubuntupro.files.files", "read", 58, "Tried to load /var/lib/ubuntu-advantage/machine-token.json but file does not exist", {}]
["2026-08-13T07:48:42.272", "DEBUG", "ubuntupro.files.files", "read", 58, "Tried to load /var/lib/ubuntu-advantage/machine-token.json but file does not exist", {}]
["2026-08-16T07:16:32.140", "DEBUG", "ubuntupro.config", "parse_config", 518, "Using client configuration file at /etc/ubuntu-advantage/uaclient.conf", {}]
["2026-08-16T07:16:32.153", "DEBUG", "ubuntupro.system", "load_file", 583, "Reading file: /etc/ubuntu-advantage/uaclient.conf", {}]
["2026-08-16T07:16:32.154", "DEBUG", "ubuntupro.files.files", "read", 58, "Tried to load /var/lib/ubuntu-advantage/user-config.json but file does not exist", {}]
["2026-08-16T07:16:32.163", "DEBUG", "ubuntupro.http", "configure_web_proxy", 149, "Setting no_proxy: 169.254.169.254,[fd00:ec2::254],metadata", {}]
["2026-08-16T07:16:32.163", "DEBUG", "ubuntupro.http", "configure_web_proxy", 157, "Setting global proxy dict", {}]
["2026-08-16T07:16:32.164", "DEBUG", "ubuntupro.cli", "main", 287, "Executed with sys.argv: ['/usr/bin/pro', 'api', 'u.pro.status.is_attached.v1']", {}]
["2026-08-16T07:16:32.164", "DEBUG", "ubuntupro.files.files", "read", 58, "Tried to load /var/lib/ubuntu-advantage/machine-token.json but file does not exist", {}]
["2026-08-16T07:16:32.164", "DEBUG", "ubuntupro.files.files", "read", 58, "Tried to load /var/lib/ubuntu-advantage/machine-token.json but file does not exist", {}]
["2026-08-17T10:30:53.952", "DEBUG", "ubuntupro.config", "parse_config", 518, "Using client configuration file at /etc/ubuntu-advantage/uaclient.conf", {}]
["2026-08-17T10:30:53.965", "DEBUG", "ubuntupro.system", "load_file", 583, "Reading file: /etc/ubuntu-advantage/uaclient.conf", {}]
["2026-08-17T10:30:53.966", "DEBUG", "ubuntupro.files.files", "read", 58, "Tried to load /var/lib/ubuntu-advantage/user-config.json but file does not exist", {}]
["2026-08-17T10:30:53.972", "DEBUG", "ubuntupro.http", "configure_web_proxy", 149, "Setting no_proxy: 169.254.169.254,[fd00:ec2::254],metadata", {}]
["2026-08-17T10:30:53.974", "DEBUG", "ubuntupro.http", "configure_web_proxy", 157, "Setting global proxy dict", {}]
["2026-08-17T10:30:53.974", "DEBUG", "ubuntupro.cli", "main", 287, "Executed with sys.argv: ['/usr/bin/pro', 'api', 'u.pro.status.is_attached.v1']", {}]
["2026-08-17T10:30:53.975", "DEBUG", "ubuntupro.files.files", "read", 58, "Tried to load /var/lib/ubuntu-advantage/machine-token.json but file does not exist", {}]
["2026-08-17T10:30:53.975", "DEBUG", "ubuntupro.files.files", "read", 58, "Tried to load /var/lib/ubuntu-advantage/machine-token.json but file does not exist", {}]
["2026-08-19T07:07:58.221", "DEBUG", "ubuntupro.config", "parse_config", 518, "Using client configuration file at /etc/ubuntu-advantage/uaclient.conf", {}]
["2026-08-19T07:07:58.234", "DEBUG", "ubuntupro.system", "load_file", 583, "Reading file: /etc/ubuntu-advantage/uaclient.conf", {}]
["2026-08-19T07:07:58.235", "DEBUG", "ubuntupro.files.files", "read", 58, "Tried to load /var/lib/ubuntu-advantage/user-config.json but file does not exist", {}]
["2026-08-19T07:07:58.244", "DEBUG", "ubuntupro.http", "configure_web_proxy", 149, "Setting no_proxy: 169.254.169.254,[fd00:ec2::254],metadata", {}]
["2026-08-19T07:07:58.244", "DEBUG", "ubuntupro.http", "configure_web_proxy", 157, "Setting global proxy dict", {}]
["2026-08-19T07:07:58.244", "DEBUG", "ubuntupro.cli", "main", 287, "Executed with sys.argv: ['/usr/bin/pro', 'api', 'u.pro.status.is_attached.v1']", {}]
["2026-08-19T07:07:58.245", "DEBUG", "ubuntupro.files.files", "read", 58, "Tried to load /var/lib/ubuntu-advantage/machine-token.json but file does not exist", {}]
["2026-08-19T07:07:58.245", "DEBUG", "ubuntupro.files.files", "read", 58, "Tried to load /var/lib/ubuntu-advantage/machine-token.json but file does not exist", {}]
["2026-08-20T08:10:36.608", "DEBUG", "ubuntupro.config", "parse_config", 518, "Using client configuration file at /etc/ubuntu-advantage/uaclient.conf", {}]
["2026-08-20T08:10:36.615", "DEBUG", "ubuntupro.system", "load_file", 583, "Reading file: /etc/ubuntu-advantage/uaclient.conf", {}]
["2026-08-20T08:10:36.616", "DEBUG", "ubuntupro.files.files", "read", 58, "Tried to load /var/lib/ubuntu-advantage/user-config.json but file does not exist", {}]
["2026-08-20T08:10:36.622", "DEBUG", "ubuntupro.http", "configure_web_proxy", 149, "Setting no_proxy: 169.254.169.254,[fd00:ec2::254],metadata", {}]
["2026-08-20T08:10:36.623", "DEBUG", "ubuntupro.http", "configure_web_proxy", 157, "Setting global proxy dict", {}]
["2026-08-20T08:10:36.623", "DEBUG", "ubuntupro.cli", "main", 287, "Executed with sys.argv: ['/usr/bin/pro', 'api', 'u.pro.status.is_attached.v1']", {}]
["2026-08-20T08:10:36.623", "DEBUG", "ubuntupro.files.files", "read", 58, "Tried to load /var/lib/ubuntu-advantage/machine-token.json but file does not exist", {}]
["2026-08-20T08:10:36.623", "DEBUG", "ubuntupro.files.files", "read", 58, "Tried to load /var/lib/ubuntu-advantage/machine-token.json but file does not exist", {}]
["2026-08-20T19:30:11.810", "DEBUG", "ubuntupro.config", "parse_config", 518, "Using client configuration file at /etc/ubuntu-advantage/uaclient.conf", {}]
["2026-08-20T19:30:11.817", "DEBUG", "ubuntupro.system", "load_file", 583, "Reading file: /etc/ubuntu-advantage/uaclient.conf", {}]
["2026-08-20T19:30:11.818", "DEBUG", "ubuntupro.files.files", "read", 58, "Tried to load /var/lib/ubuntu-advantage/user-config.json but file does not exist", {}]
["2026-08-20T19:30:11.825", "DEBUG", "ubuntupro.http", "configure_web_proxy", 149, "Setting no_proxy: 169.254.169.254,[fd00:ec2::254],metadata", {}]
["2026-08-20T19:30:11.826", "DEBUG", "ubuntupro.http", "configure_web_proxy", 157, "Setting global proxy dict", {}]
["2026-08-20T19:30:11.826", "DEBUG", "ubuntupro.cli", "main", 287, "Executed with sys.argv: ['/usr/bin/pro', 'api', 'u.pro.status.is_attached.v1']", {}]
["2026-08-20T19:30:11.826", "DEBUG", "ubuntupro.files.files", "read", 58, "Tried to load /var/lib/ubuntu-advantage/machine-token.json but file does not exist", {}]
["2026-08-20T19:30:11.826", "DEBUG", "ubuntupro.files.files", "read", 58, "Tried to load /var/lib/ubuntu-advantage/machine-token.json but file does not exist", {}]
["2026-08-26T06:45:59.296", "DEBUG", "ubuntupro.config", "parse_config", 518, "Using client configuration file at /etc/ubuntu-advantage/uaclient.conf", {}]
["2026-08-26T06:45:59.307", "DEBUG", "ubuntupro.system", "load_file", 583, "Reading file: /etc/ubuntu-advantage/uaclient.conf", {}]
["2026-08-26T06:45:59.310", "DEBUG", "ubuntupro.files.files", "read", 58, "Tried to load /var/lib/ubuntu-advantage/user-config.json but file does not exist", {}]
["2026-08-26T06:45:59.336", "DEBUG", "ubuntupro.http", "configure_web_proxy", 149, "Setting no_proxy: 169.254.169.254,[fd00:ec2::254],metadata", {}]
["2026-08-26T06:45:59.337", "DEBUG", "ubuntupro.http", "configure_web_proxy", 157, "Setting global proxy dict", {}]
["2026-08-26T06:45:59.337", "DEBUG", "ubuntupro.cli", "main", 287, "Executed with sys.argv: ['/usr/bin/pro', 'api', 'u.pro.status.is_attached.v1']", {}]
["2026-08-26T06:45:59.337", "DEBUG", "ubuntupro.files.files", "read", 58, "Tried to load /var/lib/ubuntu-advantage/machine-token.json but file does not exist", {}]
["2026-08-26T06:45:59.338", "DEBUG", "ubuntupro.files.files", "read", 58, "Tried to load /var/lib/ubuntu-advantage/machine-token.json but file does not exist", {}]
["2026-08-29T10:32:59.911", "DEBUG", "ubuntupro.config", "parse_config", 518, "Using client configuration file at /etc/ubuntu-advantage/uaclient.conf", {}]
["2026-08-29T10:32:59.918", "DEBUG", "ubuntupro.system", "load_file", 583, "Reading file: /etc/ubuntu-advantage/uaclient.conf", {}]
["2026-08-29T10:32:59.919", "DEBUG", "ubuntupro.files.files", "read", 58, "Tried to load /var/lib/ubuntu-advantage/user-config.json but file does not exist", {}]
["2026-08-29T10:32:59.923", "DEBUG", "ubuntupro.http", "configure_web_proxy", 149, "Setting no_proxy: 169.254.169.254,[fd00:ec2::254],metadata", {}]
["2026-08-29T10:32:59.923", "DEBUG", "ubuntupro.http", "configure_web_proxy", 157, "Setting global proxy dict", {}]
["2026-08-29T10:32:59.923", "DEBUG", "ubuntupro.cli", "main", 287, "Executed with sys.argv: ['/usr/bin/pro', 'api', 'u.pro.status.is_attached.v1']", {}]
["2026-08-29T10:32:59.923", "DEBUG", "ubuntupro.files.files", "read", 58, "Tried to load /var/lib/ubuntu-advantage/machine-token.json but file does not exist", {}]
["2026-08-29T10:32:59.923", "DEBUG", "ubuntupro.files.files", "read", 58, "Tried to load /var/lib/ubuntu-advantage/machine-token.json but file does not exist", {}]
["2026-09-02T07:04:15.578", "DEBUG", "ubuntupro.config", "parse_config", 518, "Using client configuration file at /etc/ubuntu-advantage/uaclient.conf", {}]
["2026-09-02T07:04:15.587", "DEBUG", "ubuntupro.system", "load_file", 583, "Reading file: /etc/ubuntu-advantage/uaclient.conf", {}]
["2026-09-02T07:04:15.589", "DEBUG", "ubuntupro.files.files", "read", 58, "Tried to load /var/lib/ubuntu-advantage/user-config.json but file does not exist", {}]
["2026-09-02T07:04:15.599", "DEBUG", "ubuntupro.http", "configure_web_proxy", 149, "Setting no_proxy: 169.254.169.254,[fd00:ec2::254],metadata", {}]
["2026-09-02T07:04:15.600", "DEBUG", "ubuntupro.http", "configure_web_proxy", 157, "Setting global proxy dict", {}]
["2026-09-02T07:04:15.600", "DEBUG", "ubuntupro.cli", "main", 287, "Executed with sys.argv: ['/usr/bin/pro', 'api', 'u.pro.status.is_attached.v1']", {}]
["2026-09-02T07:04:15.601", "DEBUG", "ubuntupro.files.files", "read", 58, "Tried to load /var/lib/ubuntu-advantage/machine-token.json but file does not exist", {}]
["2026-09-02T07:04:15.602", "DEBUG", "ubuntupro.files.files", "read", 58, "Tried to load /var/lib/ubuntu-advantage/machine-token.json but file does not exist", {}]
["2026-09-03T06:39:48.493", "DEBUG", "ubuntupro.config", "parse_config", 518, "Using client configuration file at /etc/ubuntu-advantage/uaclient.conf", {}]
["2026-09-03T06:39:48.502", "DEBUG", "ubuntupro.system", "load_file", 583, "Reading file: /etc/ubuntu-advantage/uaclient.conf", {}]
["2026-09-03T06:39:48.503", "DEBUG", "ubuntupro.files.files", "read", 58, "Tried to load /var/lib/ubuntu-advantage/user-config.json but file does not exist", {}]
["2026-09-03T06:39:48.509", "DEBUG", "ubuntupro.http", "configure_web_proxy", 149, "Setting no_proxy: 169.254.169.254,[fd00:ec2::254],metadata", {}]
["2026-09-03T06:39:48.509", "DEBUG", "ubuntupro.http", "configure_web_proxy", 157, "Setting global proxy dict", {}]
["2026-09-03T06:39:48.510", "DEBUG", "ubuntupro.cli", "main", 287, "Executed with sys.argv: ['/usr/bin/pro', 'api', 'u.pro.status.is_attached.v1']", {}]
["2026-09-03T06:39:48.510", "DEBUG", "ubuntupro.files.files", "read", 58, "Tried to load /var/lib/ubuntu-advantage/machine-token.json but file does not exist", {}]
["2026-09-03T06:39:48.510", "DEBUG", "ubuntupro.files.files", "read", 58, "Tried to load /var/lib/ubuntu-advantage/machine-token.json but file does not exist", {}]
["2026-09-05T06:21:44.526", "DEBUG", "ubuntupro.config", "parse_config", 518, "Using client configuration file at /etc/ubuntu-advantage/uaclient.conf", {}]
["2026-09-05T06:21:44.535", "DEBUG", "ubuntupro.system", "load_file", 583, "Reading file: /etc/ubuntu-advantage/uaclient.conf", {}]
["2026-09-05T06:21:44.536", "DEBUG", "ubuntupro.files.files", "read", 58, "Tried to load /var/lib/ubuntu-advantage/user-config.json but file does not exist", {}]
["2026-09-05T06:21:44.542", "DEBUG", "ubuntupro.http", "configure_web_proxy", 149, "Setting no_proxy: 169.254.169.254,[fd00:ec2::254],metadata", {}]
["2026-09-05T06:21:44.542", "DEBUG", "ubuntupro.http", "configure_web_proxy", 157, "Setting global proxy dict", {}]
["2026-09-05T06:21:44.542", "DEBUG", "ubuntupro.cli", "main", 287, "Executed with sys.argv: ['/usr/bin/pro', 'api', 'u.pro.status.is_attached.v1']", {}]
["2026-09-05T06:21:44.543", "DEBUG", "ubuntupro.files.files", "read", 58, "Tried to load /var/lib/ubuntu-advantage/machine-token.json but file does not exist", {}]
["2026-09-05T06:21:44.543", "DEBUG", "ubuntupro.files.files", "read", 58, "Tried to load /var/lib/ubuntu-advantage/machine-token.json but file does not exist", {}]
["2026-09-09T06:48:36.216", "DEBUG", "ubuntupro.config", "parse_config", 518, "Using client configuration file at /etc/ubuntu-advantage/uaclient.conf", {}]
["2026-09-09T06:48:36.230", "DEBUG", "ubuntupro.system", "load_file", 583, "Reading file: /etc/ubuntu-advantage/uaclient.conf", {}]
["2026-09-09T06:48:36.232", "DEBUG", "ubuntupro.files.files", "read", 58, "Tried to load /var/lib/ubuntu-advantage/user-config.json but file does not exist", {}]
["2026-09-09T06:48:36.248", "DEBUG", "ubuntupro.http", "configure_web_proxy", 149, "Setting no_proxy: 169.254.169.254,[fd00:ec2::254],metadata", {}]
["2026-09-09T06:48:36.250", "DEBUG", "ubuntupro.http", "configure_web_proxy", 157, "Setting global proxy dict", {}]
["2026-09-09T06:48:36.250", "DEBUG", "ubuntupro.cli", "main", 287, "Executed with sys.argv: ['/usr/bin/pro', 'api', 'u.pro.status.is_attached.v1']", {}]
["2026-09-09T06:48:36.250", "DEBUG", "ubuntupro.files.files", "read", 58, "Tried to load /var/lib/ubuntu-advantage/machine-token.json but file does not exist", {}]
["2026-09-09T06:48:36.251", "DEBUG", "ubuntupro.files.files", "read", 58, "Tried to load /var/lib/ubuntu-advantage/machine-token.json but file does not exist", {}]
["2026-09-11T05:58:06.913", "DEBUG", "ubuntupro.config", "parse_config", 518, "Using client configuration file at /etc/ubuntu-advantage/uaclient.conf", {}]
["2026-09-11T05:58:06.924", "DEBUG", "ubuntupro.system", "load_file", 583, "Reading file: /etc/ubuntu-advantage/uaclient.conf", {}]
["2026-09-11T05:58:06.929", "DEBUG", "ubuntupro.files.files", "read", 58, "Tried to load /var/lib/ubuntu-advantage/user-config.json but file does not exist", {}]
["2026-09-11T05:58:06.941", "DEBUG", "ubuntupro.http", "configure_web_proxy", 149, "Setting no_proxy: 169.254.169.254,[fd00:ec2::254],metadata", {}]
["2026-09-11T05:58:06.942", "DEBUG", "ubuntupro.http", "configure_web_proxy", 157, "Setting global proxy dict", {}]
["2026-09-11T05:58:06.942", "DEBUG", "ubuntupro.cli", "main", 287, "Executed with sys.argv: ['/usr/bin/pro', 'api', 'u.pro.status.is_attached.v1']", {}]
["2026-09-11T05:58:06.945", "DEBUG", "ubuntupro.files.files", "read", 58, "Tried to load /var/lib/ubuntu-advantage/machine-token.json but file does not exist", {}]
["2026-09-11T05:58:06.946", "DEBUG", "ubuntupro.files.files", "read", 58, "Tried to load /var/lib/ubuntu-advantage/machine-token.json but file does not exist", {}]
["2026-09-16T06:54:29.458", "DEBUG", "ubuntupro.config", "parse_config", 518, "Using client configuration file at /etc/ubuntu-advantage/uaclient.conf", {}]
["2026-09-16T06:54:29.466", "DEBUG", "ubuntupro.system", "load_file", 583, "Reading file: /etc/ubuntu-advantage/uaclient.conf", {}]
["2026-09-16T06:54:29.467", "DEBUG", "ubuntupro.files.files", "read", 58, "Tried to load /var/lib/ubuntu-advantage/user-config.json but file does not exist", {}]
["2026-09-16T06:54:29.476", "DEBUG", "ubuntupro.http", "configure_web_proxy", 149, "Setting no_proxy: 169.254.169.254,[fd00:ec2::254],metadata", {}]
["2026-09-16T06:54:29.477", "DEBUG", "ubuntupro.http", "configure_web_proxy", 157, "Setting global proxy dict", {}]
["2026-09-16T06:54:29.477", "DEBUG", "ubuntupro.cli", "main", 287, "Executed with sys.argv: ['/usr/bin/pro', 'api', 'u.pro.status.is_attached.v1']", {}]
["2026-09-16T06:54:29.478", "DEBUG", "ubuntupro.files.files", "read", 58, "Tried to load /var/lib/ubuntu-advantage/machine-token.json but file does not exist", {}]
["2026-09-16T06:54:29.478", "DEBUG", "ubuntupro.files.files", "read", 58, "Tried to load /var/lib/ubuntu-advantage/machine-token.json but file does not exist", {}]
["2026-09-17T08:05:53.626", "DEBUG", "ubuntupro.config", "parse_config", 518, "Using client configuration file at /etc/ubuntu-advantage/uaclient.conf", {}]
["2026-09-17T08:05:53.652", "DEBUG", "ubuntupro.system", "load_file", 583, "Reading file: /etc/ubuntu-advantage/uaclient.conf", {}]
["2026-09-17T08:05:53.654", "DEBUG", "ubuntupro.files.files", "read", 58, "Tried to load /var/lib/ubuntu-advantage/user-config.json but file does not exist", {}]
["2026-09-17T08:05:53.659", "DEBUG", "ubuntupro.http", "configure_web_proxy", 149, "Setting no_proxy: 169.254.169.254,[fd00:ec2::254],metadata", {}]
["2026-09-17T08:05:53.659", "DEBUG", "ubuntupro.http", "configure_web_proxy", 157, "Setting global proxy dict", {}]
["2026-09-17T08:05:53.660", "DEBUG", "ubuntupro.cli", "main", 287, "Executed with sys.argv: ['/usr/bin/pro', 'api', 'u.pro.status.is_attached.v1']", {}]
["2026-09-17T08:05:53.660", "DEBUG", "ubuntupro.files.files", "read", 58, "Tried to load /var/lib/ubuntu-advantage/machine-token.json but file does not exist", {}]
["2026-09-17T08:05:53.660", "DEBUG", "ubuntupro.files.files", "read", 58, "Tried to load /var/lib/ubuntu-advantage/machine-token.json but file does not exist", {}]
["2026-09-17T22:03:49.459", "DEBUG", "ubuntupro.config", "parse_config", 518, "Using client configuration file at /etc/ubuntu-advantage/uaclient.conf", {}]
["2026-09-17T22:03:49.464", "DEBUG", "ubuntupro.system", "load_file", 583, "Reading file: /etc/ubuntu-advantage/uaclient.conf", {}]
["2026-09-17T22:03:49.465", "DEBUG", "ubuntupro.files.files", "read", 58, "Tried to load /var/lib/ubuntu-advantage/user-config.json but file does not exist", {}]
["2026-09-17T22:03:49.469", "DEBUG", "ubuntupro.http", "configure_web_proxy", 149, "Setting no_proxy: 169.254.169.254,[fd00:ec2::254],metadata", {}]
["2026-09-17T22:03:49.470", "DEBUG", "ubuntupro.http", "configure_web_proxy", 157, "Setting global proxy dict", {}]
["2026-09-17T22:03:49.470", "DEBUG", "ubuntupro.cli", "main", 287, "Executed with sys.argv: ['/usr/bin/pro', 'api', 'u.pro.status.is_attached.v1']", {}]
["2026-09-17T22:03:49.470", "DEBUG", "ubuntupro.files.files", "read", 58, "Tried to load /var/lib/ubuntu-advantage/machine-token.json but file does not exist", {}]
["2026-09-17T22:03:49.470", "DEBUG", "ubuntupro.files.files", "read", 58, "Tried to load /var/lib/ubuntu-advantage/machine-token.json but file does not exist", {}]
["2026-09-19T09:01:01.743", "DEBUG", "ubuntupro.config", "parse_config", 518, "Using client configuration file at /etc/ubuntu-advantage/uaclient.conf", {}]
["2026-09-19T09:01:01.748", "DEBUG", "ubuntupro.system", "load_file", 583, "Reading file: /etc/ubuntu-advantage/uaclient.conf", {}]
["2026-09-19T09:01:01.752", "DEBUG", "ubuntupro.files.files", "read", 58, "Tried to load /var/lib/ubuntu-advantage/user-config.json but file does not exist", {}]
["2026-09-19T09:01:01.761", "DEBUG", "ubuntupro.http", "configure_web_proxy", 149, "Setting no_proxy: 169.254.169.254,[fd00:ec2::254],metadata", {}]
["2026-09-19T09:01:01.761", "DEBUG", "ubuntupro.http", "configure_web_proxy", 157, "Setting global proxy dict", {}]
["2026-09-19T09:01:01.761", "DEBUG", "ubuntupro.cli", "main", 287, "Executed with sys.argv: ['/usr/bin/pro', 'api', 'u.pro.status.is_attached.v1']", {}]
["2026-09-19T09:01:01.761", "DEBUG", "ubuntupro.files.files", "read", 58, "Tried to load /var/lib/ubuntu-advantage/machine-token.json but file does not exist", {}]
["2026-09-19T09:01:01.762", "DEBUG", "ubuntupro.files.files", "read", 58, "Tried to load /var/lib/ubuntu-advantage/machine-token.json but file does not exist", {}]
